// Jest Snapshot v1, https://goo.gl/fbAQLP

exports[`<Header /> should match snapshot 1`] = `
<div>
  <div>
    <header
      class="MuiBox-root MuiBox-root-3 makeStyles-mainContainer-1"
      cursor="pointer"
    >
      <div
        class="MuiBox-root MuiBox-root-4 makeStyles-logo-2"
      >
        <img
          alt="logo"
          src="logo.svg"
          width="200"
        />
      </div>
    </header>
    <div>
      DummyController
    </div>
  </div>
</div>
`;
