// Jest Snapshot v1, https://goo.gl/fbAQLP

exports[`chart config selector should match snapshot 1`] = `
<div>
  <div
    class="MuiBox-root MuiBox-root-7"
  >
    <form>
      <div
        class="MuiBox-root MuiBox-root-8 makeStyles-tabContainer-3"
      >
        <div
          class="MuiTabs-root"
        >
          <div
            class="MuiTabs-scroller MuiTabs-fixed"
            style="overflow: hidden;"
          >
            <div
              class="MuiTabs-flexContainer"
              role="tablist"
            >
              <button
                aria-selected="true"
                class="MuiButtonBase-root MuiTab-root makeStyles-tabRoot-4 MuiTab-textColorInherit Mui-selected"
                role="tab"
                tabindex="0"
                type="button"
              >
                <span
                  class="MuiTab-wrapper"
                >
                  Data
                </span>
                <span
                  class="MuiTouchRipple-root"
                />
              </button>
              <button
                aria-selected="false"
                class="MuiButtonBase-root MuiTab-root makeStyles-tabRoot-4 MuiTab-textColorInherit"
                role="tab"
                tabindex="-1"
                type="button"
              >
                <span
                  class="MuiTab-wrapper"
                >
                  Styles
                </span>
                <span
                  class="MuiTouchRipple-root"
                />
              </button>
            </div>
            <span
              class="PrivateTabIndicator-root-9 PrivateTabIndicator-colorPrimary-10 MuiTabs-indicator"
              style="left: 0px; width: 0px;"
            />
          </div>
        </div>
      </div>
      <div
        class="MuiBox-root MuiBox-root-13 makeStyles-container-2"
      >
        <div
          class="MuiBox-root MuiBox-root-14"
        >
          <div
            class="MuiBox-root MuiBox-root-15"
          >
            <div
              class="MuiBox-root MuiBox-root-20 makeStyles-mainContainer-16"
            >
              <div
                class="MuiBox-root MuiBox-root-21"
              >
                <h6
                  class="MuiTypography-root MuiTypography-subtitle2"
                >
                  Chart Name
                </h6>
              </div>
              <div
                class="MuiBox-root MuiBox-root-22 makeStyles-fieldContainer-18"
              >
                <div
                  class="MuiFormControl-root MuiTextField-root makeStyles-input-25"
                >
                  <label
                    class="MuiFormLabel-root MuiInputLabel-root MuiInputLabel-formControl MuiInputLabel-animated MuiInputLabel-shrink MuiInputLabel-filled MuiFormLabel-filled"
                    data-shrink="true"
                  >
                    Enter chart name
                  </label>
                  <div
                    class="MuiInputBase-root MuiFilledInput-root MuiFilledInput-underline MuiInputBase-formControl"
                  >
                    <input
                      aria-invalid="false"
                      class="MuiInputBase-input MuiFilledInput-input"
                      data-testid="chart-name-input"
                      name="chartName"
                      type="text"
                      value="Untitled Chart"
                    />
                  </div>
                  
                </div>
              </div>
            </div>
          </div>
          <hr
            class="MuiDivider-root"
          />
          <div
            class="MuiBox-root MuiBox-root-26"
          >
            <div
              class="MuiBox-root MuiBox-root-67 makeStyles-mainContainer-16"
            >
              <div
                class="MuiBox-root MuiBox-root-68"
              >
                <h6
                  class="MuiTypography-root MuiTypography-subtitle2"
                >
                  Data Source
                </h6>
              </div>
              <div
                class="MuiBox-root MuiBox-root-69 makeStyles-fieldContainer-18"
              >
                <div
                  class="MuiFormControl-root makeStyles-formControl-70"
                >
                  <label
                    class="MuiFormLabel-root MuiInputLabel-root MuiInputLabel-formControl MuiInputLabel-animated MuiInputLabel-filled"
                    data-shrink="false"
                    id="dropdown-label"
                  >
                    Select data source
                  </label>
                  <div
                    class="MuiInputBase-root MuiFilledInput-root MuiFilledInput-underline MuiInputBase-formControl"
                    data-testid="dropdown-dataSources"
                  >
                    <div
                      aria-haspopup="listbox"
                      aria-labelledby="dropdown-label dropdown-dataSources"
                      class="MuiSelect-root MuiSelect-select MuiSelect-selectMenu MuiSelect-filled MuiInputBase-input MuiFilledInput-input"
                      id="dropdown-dataSources"
                      role="button"
                      tabindex="0"
                    >
                      <span>
                        â€‹
                      </span>
                    </div>
                    <input
                      aria-hidden="true"
                      class="MuiSelect-nativeInput"
                      tabindex="-1"
                      value=""
                    />
                    <svg
                      aria-hidden="true"
                      class="MuiSvgIcon-root MuiSelect-icon MuiSelect-iconFilled"
                      focusable="false"
                      viewBox="0 0 24 24"
                    >
                      <path
                        d="M7 10l5 5 5-5z"
                      />
                    </svg>
                  </div>
                  <p
                    class="MuiFormHelperText-root makeStyles-helperText-72 MuiFormHelperText-contained"
                  >
                    Data-source change may or may-not reset the chart configuration
                  </p>
                </div>
              </div>
            </div>
          </div>
          
        </div>
        <div
          class="MuiBox-root MuiBox-root-29 makeStyles-hide-6"
        >
          <div>
            <div
              class="MuiBox-root MuiBox-root-30"
            >
              <div
                class="MuiBox-root MuiBox-root-31"
              >
                <div
                  class="MuiBox-root MuiBox-root-35"
                >
                  <div
                    class="MuiBox-root MuiBox-root-36 makeStyles-textContainer-34"
                  >
                    <h6
                      class="MuiTypography-root MuiTypography-subtitle2"
                    >
                      Axis
                    </h6>
                  </div>
                  <div
                    class="MuiBox-root MuiBox-root-37 makeStyles-fieldsContainerVertical-32"
                  >
                    <div
                      class="MuiBox-root MuiBox-root-38 makeStyles-mainContainer-16"
                    >
                      <div
                        class="MuiBox-root MuiBox-root-39"
                      >
                        <h6
                          class="MuiTypography-root MuiTypography-subtitle2"
                        >
                          X Axis
                        </h6>
                      </div>
                      <div
                        class="MuiBox-root MuiBox-root-40 makeStyles-fieldContainer-18"
                      >
                        <div
                          class="MuiFormControl-root MuiTextField-root makeStyles-input-25"
                        >
                          <label
                            class="MuiFormLabel-root MuiInputLabel-root MuiInputLabel-formControl MuiInputLabel-animated MuiInputLabel-filled"
                            data-shrink="false"
                          >
                            Enter X axis label
                          </label>
                          <div
                            class="MuiInputBase-root MuiFilledInput-root MuiFilledInput-underline MuiInputBase-formControl"
                          >
                            <input
                              aria-invalid="false"
                              class="MuiInputBase-input MuiFilledInput-input"
                              data-testid="x-axis-title"
                              name="axisConfig.xAxisTitle"
                              type="text"
                              value=""
                            />
                          </div>
                          
                        </div>
                      </div>
                    </div>
                    <div
                      class="MuiBox-root MuiBox-root-41 makeStyles-mainContainer-16"
                    >
                      <div
                        class="MuiBox-root MuiBox-root-42"
                      >
                        <h6
                          class="MuiTypography-root MuiTypography-subtitle2"
                        >
                          Y Axis
                        </h6>
                      </div>
                      <div
                        class="MuiBox-root MuiBox-root-43 makeStyles-fieldContainer-18"
                      >
                        <div
                          class="MuiFormControl-root MuiTextField-root makeStyles-input-25"
                        >
                          <label
                            class="MuiFormLabel-root MuiInputLabel-root MuiInputLabel-formControl MuiInputLabel-animated MuiInputLabel-filled"
                            data-shrink="false"
                          >
                            Enter Y axis label
                          </label>
                          <div
                            class="MuiInputBase-root MuiFilledInput-root MuiFilledInput-underline MuiInputBase-formControl"
                          >
                            <input
                              aria-invalid="false"
                              class="MuiInputBase-input MuiFilledInput-input"
                              data-testid="y-axis-title"
                              name="axisConfig.yAxisTitle"
                              type="text"
                              value=""
                            />
                          </div>
                          
                        </div>
                      </div>
                    </div>
                  </div>
                </div>
              </div>
              <hr
                class="MuiDivider-root"
              />
            </div>
            <div
              class="MuiBox-root MuiBox-root-44"
            >
              <div
                class="MuiBox-root MuiBox-root-45"
              >
                <div
                  class="MuiBox-root MuiBox-root-50 makeStyles-mainContainer-16"
                >
                  <div
                    class="MuiBox-root MuiBox-root-51"
                  >
                    <h6
                      class="MuiTypography-root MuiTypography-subtitle2"
                    >
                      Series
                    </h6>
                  </div>
                  <div
                    class="MuiBox-root MuiBox-root-52 makeStyles-fieldContainer-18"
                  >
                    <div
                      class="MuiBox-root MuiBox-root-53 makeStyles-fieldArrayContainer-48"
                    >
                      <div
                        class="MuiBox-root MuiBox-root-54 makeStyles-fallbackText-49"
                      >
                        <h6
                          class="MuiTypography-root MuiTypography-subtitle2"
                        >
                          Select Y axis measure to add styles
                        </h6>
                      </div>
                      
                    </div>
                  </div>
                </div>
              </div>
              
            </div>
          </div>
        </div>
        <div
          class="MuiBox-root MuiBox-root-55 makeStyles-footer-1"
        >
          <hr
            class="MuiDivider-root"
          />
          <div
            class="MuiBox-root MuiBox-root-56"
          >
            <div
              class="MuiBox-root MuiBox-root-58 makeStyles-buttonGroup-57"
            >
              <button
                class="MuiButtonBase-root MuiButton-root MuiButton-text MuiButton-textSizeSmall MuiButton-sizeSmall"
                tabindex="0"
                type="button"
              >
                <span
                  class="MuiButton-label"
                >
                  Back to chart type
                </span>
                <span
                  class="MuiTouchRipple-root"
                />
              </button>
              <button
                class="MuiButtonBase-root MuiButton-root MuiButton-contained MuiButton-containedPrimary MuiButton-containedSizeSmall MuiButton-sizeSmall"
                tabindex="0"
                type="submit"
              >
                <span
                  class="MuiButton-label"
                >
                  Apply
                </span>
                <span
                  class="MuiTouchRipple-root"
                />
              </button>
            </div>
          </div>
        </div>
      </div>
    </form>
  </div>
</div>
`;
