// Jest Snapshot v1, https://goo.gl/fbAQLP

exports[`Chart configuration wizard should match snapshot 1`] = `
<div
  class="MuiDrawer-root MuiDrawer-modal"
  role="presentation"
  style="position: fixed; z-index: 1300; right: 0px; bottom: 0px; top: 0px; left: 0px;"
>
  <div
    aria-hidden="true"
    class="MuiBackdrop-root"
    style="opacity: 1; webkit-transition: opacity 225ms cubic-bezier(0.4, 0, 0.2, 1) 0ms; transition: opacity 225ms cubic-bezier(0.4, 0, 0.2, 1) 0ms;"
  />
  <div
    data-test="sentinelStart"
    tabindex="0"
  />
  <div
    class="MuiPaper-root MuiDrawer-paper makeStyles-paper-1 MuiDrawer-paperAnchorRight MuiPaper-elevation16"
    tabindex="-1"
  >
    <div
      class="MuiBox-root MuiBox-root-2"
    >
      <div
        class="MuiBox-root MuiBox-root-6"
      >
        <div
          class="MuiBox-root MuiBox-root-7"
        >
          <h6
            class="MuiTypography-root MuiTypography-h6"
          >
            Chart Configuration Wizard
          </h6>
          
        </div>
        <button
          class="MuiButtonBase-root MuiIconButton-root WithStyles(ForwardRef(IconButton))-root-8"
          data-testid="close-wizard"
          tabindex="0"
          type="button"
        >
          <span
            class="MuiIconButton-label"
          >
            <svg
              aria-hidden="true"
              class="MuiSvgIcon-root"
              focusable="false"
              viewBox="0 0 24 24"
            >
              <path
                d="M19 6.41L17.59 5 12 10.59 6.41 5 5 6.41 10.59 12 5 17.59 6.41 19 12 13.41 17.59 19 19 17.59 13.41 12z"
              />
            </svg>
          </span>
          <span
            class="MuiTouchRipple-root"
          />
        </button>
      </div>
      <div
        class="MuiBox-root MuiBox-root-9"
      >
        <div
          class="MuiBox-root MuiBox-root-12"
        >
          <hr
            class="MuiDivider-root"
          />
          <div
            class="MuiBox-root MuiBox-root-13"
          >
            <h6
              class="MuiTypography-root MuiTypography-subtitle1"
            >
              Choose a chart type to start configuring your chart
            </h6>
            <div
              class="MuiBox-root MuiBox-root-14 makeStyles-chartSelectorContainer-10"
            >
              <div
                class="MuiBox-root MuiBox-root-15"
              >
                <div
                  class="MuiBox-root MuiBox-root-16"
                >
                  <h6
                    class="MuiTypography-root MuiTypography-subtitle2"
                  >
                    Line Chart
                  </h6>
                </div>
                <div
                  class="MuiBox-root MuiBox-root-17 makeStyles-chartTypeContainer-11"
                >
                  <div
                    class="MuiBox-root MuiBox-root-21 makeStyles-buttonContainer-18"
                    data-testid="lineChart"
                  >
                    <div
                      class="MuiBox-root MuiBox-root-22 makeStyles-imageContainer-19"
                    >
                      <img
                        alt="lineChart"
                        src="lineChart.svg"
                      />
                    </div>
                    <span
                      class="MuiTypography-root MuiTypography-caption"
                    >
                      Line Chart
                    </span>
                  </div>
                </div>
              </div>
              <div
                class="MuiBox-root MuiBox-root-23"
              >
                <div
                  class="MuiBox-root MuiBox-root-24"
                >
                  <h6
                    class="MuiTypography-root MuiTypography-subtitle2"
                  >
                    Bar Chart
                  </h6>
                </div>
                <div
                  class="MuiBox-root MuiBox-root-25 makeStyles-chartTypeContainer-11"
                >
                  <div
                    class="MuiBox-root MuiBox-root-26 makeStyles-buttonContainer-18"
                    data-testid="barChart"
                  >
                    <div
                      class="MuiBox-root MuiBox-root-27 makeStyles-imageContainer-19"
                    >
                      <img
                        alt="barChart"
                        src="barChart.svg"
                      />
                    </div>
                    <span
                      class="MuiTypography-root MuiTypography-caption"
                    >
                      Bar Chart
                    </span>
                  </div>
                </div>
              </div>
              <div
                class="MuiBox-root MuiBox-root-28"
              >
                <div
                  class="MuiBox-root MuiBox-root-29"
                >
                  <h6
                    class="MuiTypography-root MuiTypography-subtitle2"
                  >
                    Geo Chart
                  </h6>
                </div>
                <div
                  class="MuiBox-root MuiBox-root-30 makeStyles-chartTypeContainer-11"
                >
                  <div
                    class="MuiBox-root MuiBox-root-31 makeStyles-buttonContainer-18"
                    data-testid="heatMap"
                  >
                    <div
                      class="MuiBox-root MuiBox-root-32 makeStyles-imageContainer-19"
                    >
                      <img
                        alt="heatMap"
                        src="heatmap.svg"
                      />
                    </div>
                    <span
                      class="MuiTypography-root MuiTypography-caption"
                    >
                      Heatmap
                    </span>
                  </div>
                  <div
                    class="MuiBox-root MuiBox-root-33 makeStyles-buttonContainer-18"
                    data-testid="choroplethMap"
                  >
                    <div
                      class="MuiBox-root MuiBox-root-34 makeStyles-imageContainer-19"
                    >
                      <img
                        alt="choroplethMap"
                        src="heatmap.svg"
                      />
                    </div>
                    <span
                      class="MuiTypography-root MuiTypography-caption"
                    >
                      Choropleth
                    </span>
                  </div>
                </div>
              </div>
            </div>
          </div>
        </div>
      </div>
    </div>
  </div>
  <div
    data-test="sentinelEnd"
    tabindex="0"
  />
</div>
`;
