// Jest Snapshot v1, https://goo.gl/fbAQLP

exports[`Choropleth should create a choropleth component 1`] = `
<div>
  <div
    class="makeStyles-mapContainer-2"
  >
    <div
      class="makeStyles-fullWidthHeight-1"
      data-testid="map-container"
    >
      <div
        class="MuiBox-root MuiBox-root-6"
      >
        <div
          class="MuiBox-root MuiBox-root-7"
        >
          <div
            class="makeStyles-root-8"
          >
            <div
              class="MuiBox-root MuiBox-root-10"
            >
              <p
                class="MuiTypography-root makeStyles-title-9 MuiTypography-body1"
              >
                timeTick: 1
              </p>
            </div>
            <span
              class="MuiSlider-root MuiSlider-colorPrimary MuiSlider-marked"
            >
              <span
                class="MuiSlider-rail"
              />
              <span
                class="MuiSlider-track"
                style="left: 0%; width: 0%;"
              />
              <input
                type="hidden"
                value="1"
              />
              <span
                class="MuiSlider-mark MuiSlider-markActive"
                data-index="0"
                style="left: 0%;"
              />
              <span
                aria-hidden="true"
                class="MuiSlider-markLabel MuiSlider-markLabelActive"
                data-index="0"
                style="left: 0%;"
              >
                1
              </span>
              <span
                class="MuiSlider-mark"
                data-index="1"
                style="left: 50%;"
              />
              <span
                class="MuiSlider-mark"
                data-index="2"
                style="left: 100%;"
              />
              <span
                aria-hidden="true"
                class="MuiSlider-markLabel"
                data-index="2"
                style="left: 100%;"
              >
                3
              </span>
              <span
                aria-labelledby="Time Slider"
                aria-orientation="horizontal"
                aria-valuemax="3"
                aria-valuemin="1"
                aria-valuenow="1"
                class="MuiSlider-thumb MuiSlider-thumbColorPrimary"
                data-index="0"
                role="slider"
                style="left: 0%;"
                tabindex="0"
              />
            </span>
          </div>
        </div>
      </div>
      MapContainer
      TileLayer
      GeoJsonLayer
      <button>
        feature1
      </button>
      {"mapLayer":{"type":"FeatureCollection","name":"Gwalior","crs":{"type":"name","properties":{"name":"urn:ogc:def:crs:OGC:1.3:CRS84"}},"features":[{"type":"Feature","properties":{"AC_NO":14},"geometry":{"type":"MultiPolygon","coordinates":[[[[78.2644056977648,26.336678009382695],[78.27417096821569,26.336251003181303],[78.28502017444157,26.34688759258836]]]]}}]},"idDataMap":{"1":2},"mapLayerIdName":"mapLayerId1","measureName":"infected","scale":{"0":"#FDF1D9","1":"#EC3237","0.5":"#FAA847"},"tick":1,"onClickOfFeature":null,"minOfMeasure":2,"maxOfMeasure":6}
      Resize controller
      {}
      ScaleControl
      ZoomControl
      ColorScaleLegend
      {"scale":{"0":"#FDF1D9","1":"#EC3237","0.5":"#FAA847"},"min":2,"max":6,"title":"infected","disablePercentageScale":true}
    </div>
  </div>
</div>
`;

exports[`Choropleth should create a choropleth component without time slider 1`] = `
<div>
  <div
    class="makeStyles-fullWidthHeight-16"
  >
    <div
      class="makeStyles-fullWidthHeight-16"
      data-testid="map-container"
    >
      <div
        class="MuiBox-root MuiBox-root-21"
      />
      MapContainer
      TileLayer
      GeoJsonLayer
      <button>
        feature1
      </button>
      {"mapLayer":{"type":"FeatureCollection","name":"Gwalior","crs":{"type":"name","properties":{"name":"urn:ogc:def:crs:OGC:1.3:CRS84"}},"features":[{"type":"Feature","properties":{"AC_NO":14},"geometry":{"type":"MultiPolygon","coordinates":[[[[78.2644056977648,26.336678009382695],[78.27417096821569,26.336251003181303],[78.28502017444157,26.34688759258836]]]]}}]},"idDataMap":{"1":2,"2":4,"3":6},"mapLayerIdName":"mapLayerId1","measureName":"infected","scale":{"0":"#FDF1D9","1":"#EC3237","0.5":"#FAA847"},"tick":1,"onClickOfFeature":null,"minOfMeasure":2,"maxOfMeasure":6}
      Resize controller
      {}
      ScaleControl
      ZoomControl
      ColorScaleLegend
      {"scale":{"0":"#FDF1D9","1":"#EC3237","0.5":"#FAA847"},"min":2,"max":6,"title":"infected","disablePercentageScale":true}
    </div>
  </div>
</div>
`;
