// Jest Snapshot v1, https://goo.gl/fbAQLP

exports[`<InlineLoader /> should match snapshot 1`] = `
<div>
  <p
    class="MuiFormHelperText-root"
  >
    Loader...
  </p>
</div>
`;
