// Jest Snapshot v1, https://goo.gl/fbAQLP

exports[`<YAxisChartConfig /> should match snapshot 1`] = `
<div>
  <div
    class="MuiBox-root MuiBox-root-3"
  >
    <h6
      class="MuiTypography-root MuiTypography-subtitle2"
    >
       Y-axis
    </h6>
  </div>
  <div
    class="MuiBox-root MuiBox-root-4 makeStyles-fieldContainer-1"
  >
    <div
      class="MuiFormControl-root makeStyles-formControl-5"
    >
      <label
        class="MuiFormLabel-root MuiInputLabel-root MuiInputLabel-formControl MuiInputLabel-animated MuiInputLabel-filled"
        data-shrink="false"
        id="dropdown-label"
      >
        select y axis
      </label>
      <div
        class="MuiInputBase-root MuiFilledInput-root MuiFilledInput-underline MuiInputBase-formControl"
        data-testid="dropdown-y-0"
      >
        <div
          aria-haspopup="listbox"
          aria-labelledby="dropdown-label dropdown-y-0"
          class="MuiSelect-root MuiSelect-select MuiSelect-selectMenu MuiSelect-filled MuiInputBase-input MuiFilledInput-input"
          id="dropdown-y-0"
          role="button"
          tabindex="0"
        >
          <span>
            â€‹
          </span>
        </div>
        <input
          aria-hidden="true"
          class="MuiSelect-nativeInput"
          tabindex="-1"
          value=""
        />
        <svg
          aria-hidden="true"
          class="MuiSvgIcon-root MuiSelect-icon MuiSelect-iconFilled"
          focusable="false"
          viewBox="0 0 24 24"
        >
          <path
            d="M7 10l5 5 5-5z"
          />
        </svg>
      </div>
    </div>
    <button
      class="MuiButtonBase-root MuiIconButton-root"
      data-testid="delete-button-dropdown-y-0"
      tabindex="0"
      type="button"
    >
      <span
        class="MuiIconButton-label"
      >
        <img
          alt="icon"
          src="delete.svg"
        />
      </span>
      <span
        class="MuiTouchRipple-root"
      />
    </button>
  </div>
  <div
    class="MuiBox-root MuiBox-root-7 makeStyles-addMetricButtonContainer-2"
  >
    <button
      class="MuiButtonBase-root MuiButton-root MuiButton-contained MuiButton-containedSecondary MuiButton-containedSizeSmall MuiButton-sizeSmall"
      tabindex="0"
      type="button"
    >
      <span
        class="MuiButton-label"
      >
        <span
          class="MuiButton-startIcon MuiButton-iconSizeSmall"
        >
          <img
            alt="icon"
            src="plus.svg"
          />
        </span>
        Add Metric
      </span>
      <span
        class="MuiTouchRipple-root"
      />
    </button>
  </div>
</div>
`;
