// Jest Snapshot v1, https://goo.gl/fbAQLP

exports[`<widgetMenu> should render all the menu 1`] = `
<div
  aria-hidden="true"
>
  <button
    class="MuiButtonBase-root MuiIconButton-root"
    data-testid="widget-menu"
    tabindex="0"
    type="button"
  >
    <span
      class="MuiIconButton-label"
    >
      <svg
        aria-hidden="true"
        class="MuiSvgIcon-root"
        focusable="false"
        viewBox="0 0 24 24"
      >
        <path
          d="M12 8c1.1 0 2-.9 2-2s-.9-2-2-2-2 .9-2 2 .9 2 2 2zm0 2c-1.1 0-2 .9-2 2s.9 2 2 2 2-.9 2-2-.9-2-2-2zm0 6c-1.1 0-2 .9-2 2s.9 2 2 2 2-.9 2-2-.9-2-2-2z"
        />
      </svg>
    </span>
  </button>
</div>
`;
