// Jest Snapshot v1, https://goo.gl/fbAQLP

exports[`<DatasourceSelector /> should match snapshot 1`] = `
<div>
  <div
    class="MuiFormControl-root makeStyles-formControl-1"
  >
    <label
      class="MuiFormLabel-root MuiInputLabel-root MuiInputLabel-formControl MuiInputLabel-animated MuiInputLabel-outlined"
      data-shrink="false"
      id="dropdown-label"
    >
      select data source
    </label>
    <div
      class="MuiInputBase-root MuiOutlinedInput-root MuiInputBase-formControl"
      data-testid="dropdown-dataSources"
    >
      <div
        aria-haspopup="listbox"
        aria-labelledby="dropdown-label dropdown-dataSources"
        class="MuiSelect-root MuiSelect-select MuiSelect-selectMenu MuiSelect-outlined MuiInputBase-input MuiOutlinedInput-input"
        id="dropdown-dataSources"
        role="button"
        tabindex="0"
      >
        <span>
          â€‹
        </span>
      </div>
      <input
        aria-hidden="true"
        class="MuiSelect-nativeInput"
        tabindex="-1"
        value=""
      />
      <svg
        aria-hidden="true"
        class="MuiSvgIcon-root MuiSelect-icon MuiSelect-iconOutlined"
        focusable="false"
        viewBox="0 0 24 24"
      >
        <path
          d="M7 10l5 5 5-5z"
        />
      </svg>
      <fieldset
        aria-hidden="true"
        class="PrivateNotchedOutline-root-3 MuiOutlinedInput-notchedOutline"
      >
        <legend
          class="PrivateNotchedOutline-legendLabelled-5"
        >
          <span>
            select data source
          </span>
        </legend>
      </fieldset>
    </div>
  </div>
</div>
`;
