// Jest Snapshot v1, https://goo.gl/fbAQLP

exports[`URL should provide a url 1`] = `
Object {
  "DASHBOARD_URL": "/api/dashboard",
  "DATA_SOURCES": "/api/dataSources",
  "INSERT_DASHBOARD": "/api/dashboard/create-new",
  "PROJECT_URL": "/api/projects",
  "getDashboardUrl": [Function],
  "getDatasourceUrl": [Function],
  "getHeaderUrl": [Function],
  "getProjectUrl": [Function],
}
`;
