// Jest Snapshot v1, https://goo.gl/fbAQLP

exports[`Existing User Home Screen should match snapshot for given projects 1`] = `
<div>
  <div
    class="MuiBox-root MuiBox-root-2"
  >
    <div
      class="MuiBox-root MuiBox-root-3"
    >
      <div
        class="MuiTabs-root"
      >
        <div
          class="MuiTabs-scroller MuiTabs-fixed"
          style="overflow: hidden;"
        >
          <div
            aria-label="disabled tabs example"
            class="MuiTabs-flexContainer"
            role="tablist"
          >
            <button
              aria-selected="true"
              class="MuiButtonBase-root MuiTab-root MuiTab-textColorInherit Mui-selected"
              role="tab"
              tabindex="0"
              type="button"
            >
              <span
                class="MuiTab-wrapper"
              >
                Recent Projects
              </span>
              <span
                class="MuiTouchRipple-root"
              />
            </button>
          </div>
          <span
            class="PrivateTabIndicator-root-4 PrivateTabIndicator-colorPrimary-5 MuiTabs-indicator"
            style="left: 0px; width: 0px;"
          />
        </div>
      </div>
      <div
        class="MuiBox-root MuiBox-root-9 makeStyles-buttonGroup-8"
      >
        <button
          class="MuiButtonBase-root MuiButton-root MuiButton-contained MuiButton-containedPrimary MuiButton-containedSizeSmall MuiButton-sizeSmall"
          tabindex="0"
          type="button"
        >
          <span
            class="MuiButton-label"
          >
            Add New
          </span>
          <span
            class="MuiTouchRipple-root"
          />
        </button>
      </div>
    </div>
    <div
      class="MuiBox-root MuiBox-root-10 makeStyles-projectListContainer-1"
    >
      <div
        aria-labelledby="simple-tab-0"
        id="simple-tabpanel-0"
        role="tabpanel"
      >
        <div
          class="MuiGrid-root MuiGrid-container MuiGrid-spacing-xs-8 MuiGrid-grid-xl-12"
        >
          <div
            class="MuiGrid-root MuiGrid-item MuiGrid-grid-xs-3"
          >
            <div
              class="MuiBox-root MuiBox-root-12 makeStyles-cardContainer-11"
            >
              <div
                class="MuiBox-root MuiBox-root-13"
              >
                <h6
                  class="MuiTypography-root MuiTypography-subtitle2"
                >
                  project1
                </h6>
              </div>
            </div>
          </div>
        </div>
      </div>
    </div>
  </div>
</div>
`;
