// Jest Snapshot v1, https://goo.gl/fbAQLP

exports[`Home should match snapshot for existing users 1`] = `
<div>
  <div
    class="MuiBox-root MuiBox-root-26 makeStyles-mainContainer-25"
  >
    <div
      class="MuiBox-root MuiBox-root-28"
    >
      <div
        class="MuiBox-root MuiBox-root-29"
      >
        <div
          class="MuiTabs-root"
        >
          <div
            class="MuiTabs-scroller MuiTabs-fixed"
            style="overflow: hidden;"
          >
            <div
              aria-label="disabled tabs example"
              class="MuiTabs-flexContainer"
              role="tablist"
            >
              <button
                aria-selected="true"
                class="MuiButtonBase-root MuiTab-root MuiTab-textColorInherit Mui-selected"
                role="tab"
                tabindex="0"
                type="button"
              >
                <span
                  class="MuiTab-wrapper"
                >
                  Recent Projects
                </span>
                <span
                  class="MuiTouchRipple-root"
                />
              </button>
              <button
                aria-selected="false"
                class="MuiButtonBase-root MuiTab-root MuiTab-textColorInherit"
                role="tab"
                tabindex="-1"
                type="button"
              >
                <span
                  class="MuiTab-wrapper"
                >
                  Datasets
                </span>
                <span
                  class="MuiTouchRipple-root"
                />
              </button>
            </div>
            <span
              class="PrivateTabIndicator-root-30 PrivateTabIndicator-colorPrimary-31 MuiTabs-indicator"
              style="left: 0px; width: 0px;"
            />
          </div>
        </div>
        <div
          class="MuiBox-root MuiBox-root-35 makeStyles-buttonGroup-34"
        >
          <button
            class="MuiButtonBase-root MuiButton-root MuiButton-contained MuiButton-containedPrimary MuiButton-containedSizeSmall MuiButton-sizeSmall"
            tabindex="0"
            type="button"
          >
            <span
              class="MuiButton-label"
            >
              Add New
            </span>
            <span
              class="MuiTouchRipple-root"
            />
          </button>
        </div>
      </div>
      <div
        class="MuiBox-root MuiBox-root-36 makeStyles-projectListContainer-27"
      >
        <div
          aria-labelledby="simple-tab-0"
          id="simple-tabpanel-0"
          role="tabpanel"
        >
          <div
            class="MuiGrid-root MuiGrid-container MuiGrid-spacing-xs-8 MuiGrid-grid-xl-12"
          >
            <div
              class="MuiGrid-root MuiGrid-item MuiGrid-grid-xs-3"
            >
              <div
                class="MuiBox-root MuiBox-root-39"
              >
                <div
                  class="MuiBox-root MuiBox-root-40 makeStyles-cardContainer-38"
                >
                  <div
                    class="MuiBox-root MuiBox-root-41 makeStyles-titleContainer-37"
                  >
                    <h6
                      class="MuiTypography-root MuiTypography-subtitle2"
                    >
                      project1
                    </h6>
                    <button
                      class="MuiButtonBase-root MuiIconButton-root WithStyles(ForwardRef(IconButton))-root-42"
                      data-testid="project-menu"
                      tabindex="0"
                      type="button"
                    >
                      <span
                        class="MuiIconButton-label"
                      >
                        <svg
                          aria-hidden="true"
                          class="MuiSvgIcon-root"
                          focusable="false"
                          viewBox="0 0 24 24"
                        >
                          <path
                            d="M12 8c1.1 0 2-.9 2-2s-.9-2-2-2-2 .9-2 2 .9 2 2 2zm0 2c-1.1 0-2 .9-2 2s.9 2 2 2 2-.9 2-2-.9-2-2-2zm0 6c-1.1 0-2 .9-2 2s.9 2 2 2 2-.9 2-2-.9-2-2-2z"
                          />
                        </svg>
                      </span>
                    </button>
                  </div>
                </div>
              </div>
            </div>
          </div>
        </div>
        <div
          aria-labelledby="simple-tab-1"
          hidden=""
          id="simple-tabpanel-1"
          role="tabpanel"
        />
      </div>
    </div>
  </div>
</div>
`;

exports[`Home should match snapshot for new user 1`] = `
<div>
  <div
    class="MuiBox-root MuiBox-root-8 makeStyles-mainContainer-7"
  >
    <div
      class="MuiBox-root MuiBox-root-13 makeStyles-mainContainer-9"
    >
      <h4
        class="MuiTypography-root makeStyles-textCentered-10 MuiTypography-h4"
      >
        Welcome to BharatSim
      </h4>
      <div
        class="MuiBox-root MuiBox-root-14 makeStyles-itemsCentered-12"
      >
        <img
          alt="logo"
          src="welcomePlaceholder.svg"
        />
      </div>
      <div
        class="MuiBox-root MuiBox-root-15 makeStyles-introTextContainer-11"
      >
        <h6
          class="MuiTypography-root makeStyles-textCentered-10 MuiTypography-subtitle2"
        >
          Vision
        </h6>
        <p
          class="MuiTypography-root makeStyles-textCentered-10 MuiTypography-body2"
        >
          The vision for BharatSim is to build an India scale agent based framework that would enable modellers from various fields of study like epidemiology, disaster management, economics etc to advise policy makers and institutions.
        </p>
      </div>
      <div
        class="MuiBox-root MuiBox-root-16 makeStyles-itemsCentered-12"
      >
        <div
          class="MuiBox-root MuiBox-root-18 makeStyles-buttonGroup-17"
        >
          <button
            class="MuiButtonBase-root MuiButton-root MuiButton-contained MuiButton-containedPrimary MuiButton-containedSizeLarge MuiButton-sizeLarge"
            tabindex="0"
            type="button"
          >
            <span
              class="MuiButton-label"
            >
              Create new Project
            </span>
            <span
              class="MuiTouchRipple-root"
            />
          </button>
        </div>
      </div>
    </div>
  </div>
</div>
`;
