// Jest Snapshot v1, https://goo.gl/fbAQLP

exports[`Import Dataset should match snapshot for import dataset component 1`] = `
<div>
  <div
    class="MuiBox-root MuiBox-root-3"
  >
    <div
      class="MuiBox-root MuiBox-root-9 makeStyles-hidden-6"
    >
      <div
        class="MuiBox-root MuiBox-root-10"
      >
        <p
          class="MuiTypography-root MuiTypography-body2 makeStyles-errorTitle-4 MuiTypography-colorError"
        >
          Error:Â 
        </p>
        <p
          class="MuiTypography-root MuiTypography-body2 makeStyles-errorMessage-5 MuiTypography-colorError"
        />
      </div>
    </div>
    <div
      class="MuiBox-root MuiBox-root-11 makeStyles-importDataContainer-1"
    >
      <img
        alt="Import File"
        src="importFileIcon.svg"
      />
      <div
        class="MuiBox-root MuiBox-root-12 makeStyles-textContainer-2"
      >
        <p
          class="MuiTypography-root MuiTypography-body1"
        >
          Drag your file here or 
        </p>
        <div
          class="MuiBox-root MuiBox-root-13"
        >
          <label
            aria-disabled="false"
            class="MuiButtonBase-root MuiButton-root MuiButton-outlined MuiButton-outlinedSizeSmall MuiButton-sizeSmall"
            role="button"
            tabindex="0"
          >
            <span
              class="MuiButton-label"
            >
              Browse
              <input
                accept=".geojson,.csv"
                data-testid="file-input"
                style="display: none;"
                type="file"
              />
            </span>
            <span
              class="MuiTouchRipple-root"
            />
          </label>
        </div>
      </div>
    </div>
  </div>
</div>
`;
