// Jest Snapshot v1, https://goo.gl/fbAQLP

exports[`Upload Dataset should match snapshot for upload dataset component 1`] = `
<div>
  <div
    class="MuiBox-root MuiBox-root-9"
  >
    <div
      class="MuiBox-root MuiBox-root-12 makeStyles-projectNameBar-10"
    >
      <h5
        class="MuiTypography-root MuiTypography-h5"
      >
        project1
      </h5>
      <button
        class="MuiButtonBase-root MuiButton-root makeStyles-buttonRoot-11 MuiButton-text MuiButton-textSizeSmall MuiButton-sizeSmall"
        tabindex="0"
        type="button"
      >
        <span
          class="MuiButton-label"
        >
          Back to recent projects
        </span>
        <span
          class="MuiTouchRipple-root"
        />
      </button>
    </div>
    <div
      class="MuiBox-root MuiBox-root-14 makeStyles-dashboardHeaderBar-13"
    >
      <div
        class="MuiBox-root MuiBox-root-15 makeStyles-uploadHeader-7"
      >
        <h6
          class="MuiTypography-root MuiTypography-h6"
        >
           Configure Dashboard Data :: Upload Dataset
        </h6>
        <div
          class="MuiBox-root MuiBox-root-17 makeStyles-buttonGroup-16"
        >
          <button
            class="MuiButtonBase-root MuiButton-root MuiButton-text MuiButton-textSizeSmall MuiButton-sizeSmall"
            tabindex="0"
            type="button"
          >
            <span
              class="MuiButton-label"
            >
              Cancel
            </span>
            <span
              class="MuiTouchRipple-root"
            />
          </button>
          <button
            class="MuiButtonBase-root MuiButton-root MuiButton-contained MuiButton-containedPrimary MuiButton-containedSizeSmall MuiButton-sizeSmall Mui-disabled Mui-disabled"
            disabled=""
            tabindex="-1"
            type="button"
          >
            <span
              class="MuiButton-label"
            >
              Upload
            </span>
          </button>
        </div>
      </div>
    </div>
    <div
      class="MuiBox-root MuiBox-root-18 makeStyles-contentWrapper-8"
    >
      <div
        class="MuiBox-root MuiBox-root-19"
      >
        <div
          class="MuiPaper-root MuiStepper-root MuiStepper-horizontal MuiPaper-elevation0"
        >
          <div
            class="MuiStep-root MuiStep-horizontal"
          >
            <span
              class="MuiStepLabel-root MuiStepLabel-horizontal"
            >
              <span
                class="MuiStepLabel-iconContainer"
              >
                <svg
                  aria-hidden="true"
                  class="MuiSvgIcon-root MuiStepIcon-root MuiStepIcon-active"
                  focusable="false"
                  viewBox="0 0 24 24"
                >
                  <circle
                    cx="12"
                    cy="12"
                    r="12"
                  />
                  <text
                    class="MuiStepIcon-text"
                    text-anchor="middle"
                    x="12"
                    y="16"
                  >
                    1
                  </text>
                </svg>
              </span>
              <span
                class="MuiStepLabel-labelContainer"
              >
                <span
                  class="MuiTypography-root MuiStepLabel-label MuiStepLabel-active MuiTypography-body2 MuiTypography-displayBlock"
                >
                  Import Data
                </span>
              </span>
            </span>
          </div>
          <div
            class="MuiStepConnector-root MuiStepConnector-horizontal Mui-disabled"
          >
            <span
              class="MuiStepConnector-line MuiStepConnector-lineHorizontal"
            />
          </div>
          <div
            class="MuiStep-root MuiStep-horizontal"
          >
            <span
              class="MuiStepLabel-root MuiStepLabel-horizontal Mui-disabled"
            >
              <span
                class="MuiStepLabel-iconContainer"
              >
                <svg
                  aria-hidden="true"
                  class="MuiSvgIcon-root MuiStepIcon-root"
                  focusable="false"
                  viewBox="0 0 24 24"
                >
                  <circle
                    cx="12"
                    cy="12"
                    r="12"
                  />
                  <text
                    class="MuiStepIcon-text"
                    text-anchor="middle"
                    x="12"
                    y="16"
                  >
                    2
                  </text>
                </svg>
              </span>
              <span
                class="MuiStepLabel-labelContainer"
              >
                <span
                  class="MuiTypography-root MuiStepLabel-label MuiTypography-body2 MuiTypography-displayBlock"
                >
                  Preview Data
                </span>
              </span>
            </span>
          </div>
          <div
            class="MuiStepConnector-root MuiStepConnector-horizontal Mui-disabled"
          >
            <span
              class="MuiStepConnector-line MuiStepConnector-lineHorizontal"
            />
          </div>
          <div
            class="MuiStep-root MuiStep-horizontal"
          >
            <span
              class="MuiStepLabel-root MuiStepLabel-horizontal Mui-disabled"
            >
              <span
                class="MuiStepLabel-iconContainer"
              >
                <svg
                  aria-hidden="true"
                  class="MuiSvgIcon-root MuiStepIcon-root"
                  focusable="false"
                  viewBox="0 0 24 24"
                >
                  <circle
                    cx="12"
                    cy="12"
                    r="12"
                  />
                  <text
                    class="MuiStepIcon-text"
                    text-anchor="middle"
                    x="12"
                    y="16"
                  >
                    3
                  </text>
                </svg>
              </span>
              <span
                class="MuiStepLabel-labelContainer"
              >
                <span
                  class="MuiTypography-root MuiStepLabel-label MuiTypography-body2 MuiTypography-displayBlock"
                >
                  Upload to Dashboard
                </span>
              </span>
            </span>
          </div>
        </div>
      </div>
      <div
        class="MuiBox-root MuiBox-root-20"
      >
        <div
          class="MuiBox-root MuiBox-root-23"
        >
          <div
            class="MuiBox-root MuiBox-root-29 makeStyles-hidden-26"
          >
            <div
              class="MuiBox-root MuiBox-root-30"
            >
              <p
                class="MuiTypography-root MuiTypography-body2 makeStyles-errorTitle-24 MuiTypography-colorError"
              >
                Error:Â 
              </p>
              <p
                class="MuiTypography-root MuiTypography-body2 makeStyles-errorMessage-25 MuiTypography-colorError"
              />
            </div>
          </div>
          <div
            class="MuiBox-root MuiBox-root-31 makeStyles-importDataContainer-21"
          >
            <img
              alt="Import File"
              src="importFileIcon.svg"
            />
            <div
              class="MuiBox-root MuiBox-root-32 makeStyles-textContainer-22"
            >
              <p
                class="MuiTypography-root MuiTypography-body1"
              >
                Drag your file here or 
              </p>
              <div
                class="MuiBox-root MuiBox-root-33"
              >
                <label
                  aria-disabled="false"
                  class="MuiButtonBase-root MuiButton-root MuiButton-outlined MuiButton-outlinedSizeSmall MuiButton-sizeSmall"
                  role="button"
                  tabindex="0"
                >
                  <span
                    class="MuiButton-label"
                  >
                    Browse
                    <input
                      accept=".geojson,.csv"
                      data-testid="file-input"
                      style="display: none;"
                      type="file"
                    />
                  </span>
                  <span
                    class="MuiTouchRipple-root"
                  />
                </label>
              </div>
            </div>
          </div>
        </div>
      </div>
    </div>
  </div>
</div>
`;
