// Jest Snapshot v1, https://goo.gl/fbAQLP

exports[`<DropdownMenu /> should match snapshot 1`] = `<div />`;
