// Jest Snapshot v1, https://goo.gl/fbAQLP

exports[`<InlineLoader /> should match snapshot with error component if loading is failed 1`] = `
<div>
  <div
    class="MuiBox-root MuiBox-root-4 makeStyles-root-3"
  >
    <div
      class="MuiBox-root MuiBox-root-10 makeStyles-errorBox-8 makeStyles-errorBox-9"
    >
      <div
        class="MuiBox-root MuiBox-root-11"
      >
        <p
          class="MuiTypography-root MuiTypography-body2 makeStyles-errorTitle-5 MuiTypography-colorError"
        >
          Error:Â 
        </p>
        <p
          class="MuiTypography-root MuiTypography-body2 makeStyles-errorMessage-6 MuiTypography-colorError"
        />
      </div>
    </div>
  </div>
</div>
`;

exports[`<InlineLoader /> should match snapshot with loader component if loading is in progress 1`] = `
<div>
  <div
    class="MuiBox-root MuiBox-root-2 makeStyles-root-1"
    data-testid="loader"
  >
    <div
      class="MuiCircularProgress-root MuiCircularProgress-colorPrimary MuiCircularProgress-indeterminate"
      role="progressbar"
      style="width: 40px; height: 40px;"
    >
      <svg
        class="MuiCircularProgress-svg"
        viewBox="22 22 44 44"
      >
        <circle
          class="MuiCircularProgress-circle MuiCircularProgress-circleIndeterminate"
          cx="44"
          cy="44"
          fill="none"
          r="20.2"
          stroke-width="3.6"
        />
      </svg>
    </div>
  </div>
</div>
`;
