// Jest Snapshot v1, https://goo.gl/fbAQLP

exports[`<ClickableCard /> should match snapshot 1`] = `
<div>
  <div
    class="MuiBox-root MuiBox-root-2 makeStyles-ClickableCardContainer-1"
  >
    Sample Test Component
  </div>
</div>
`;
