// Jest Snapshot v1, https://goo.gl/fbAQLP

exports[`<ColorScaleLegend /> should match snapshot 1`] = `
<div>
  <div
    data-testid="map-container"
    style="height: 100%; width: 100%;"
  >
    <div
      class="leaflet-container leaflet-grab leaflet-touch-drag"
      style="height: 100%; width: 100%; position: relative;"
      tabindex="0"
    >
      <div
        class="leaflet-pane leaflet-map-pane"
        style="left: 0px; top: 0px;"
      >
        <div
          class="leaflet-pane leaflet-tile-pane"
        />
        <div
          class="leaflet-pane leaflet-shadow-pane"
        />
        <div
          class="leaflet-pane leaflet-overlay-pane"
        />
        <div
          class="leaflet-pane leaflet-marker-pane"
        />
        <div
          class="leaflet-pane leaflet-tooltip-pane"
        />
        <div
          class="leaflet-pane leaflet-popup-pane"
        />
      </div>
      <div
        class="leaflet-control-container"
      >
        <div
          class="leaflet-top leaflet-left"
        >
          <div
            class="leaflet-control-zoom leaflet-bar leaflet-control"
          >
            <a
              aria-label="Zoom in"
              class="leaflet-control-zoom-in"
              href="#"
              role="button"
              title="Zoom in"
            >
              +
            </a>
            <a
              aria-label="Zoom out"
              class="leaflet-control-zoom-out"
              href="#"
              role="button"
              title="Zoom out"
            >
              âˆ’
            </a>
          </div>
        </div>
        <div
          class="leaflet-top leaflet-right"
        />
        <div
          class="leaflet-bottom leaflet-left"
        />
        <div
          class="leaflet-bottom leaflet-right"
        >
          <div
            class="info legend leaflet-control"
          >
            <div
              class="makeStyles-legend-1"
            >
              <div
                class="makeStyles-colorScale-2 makeStyles-colorScale-5"
              />
              <div
                class="makeStyles-labelScale-3"
              >
                <div
                  class="makeStyles-label-4"
                  style="top: 0%;"
                >
                  <p
                    class="MuiTypography-root MuiTypography-body2"
                  >
                    0.00
                  </p>
                </div>
                <div
                  class="makeStyles-label-4"
                  style="top: 100%;"
                >
                  <p
                    class="MuiTypography-root MuiTypography-body2"
                  >
                    1.00
                  </p>
                </div>
                <div
                  class="makeStyles-label-4"
                  style="top: 40%;"
                >
                  <p
                    class="MuiTypography-root MuiTypography-body2"
                  >
                    0.40
                  </p>
                </div>
                <div
                  class="makeStyles-label-4"
                  style="top: 60%;"
                >
                  <p
                    class="MuiTypography-root MuiTypography-body2"
                  >
                    0.60
                  </p>
                </div>
                <div
                  class="makeStyles-label-4"
                  style="top: 70%;"
                >
                  <p
                    class="MuiTypography-root MuiTypography-body2"
                  >
                    0.70
                  </p>
                </div>
                <div
                  class="makeStyles-label-4"
                  style="top: 80%;"
                >
                  <p
                    class="MuiTypography-root MuiTypography-body2"
                  >
                    0.80
                  </p>
                </div>
              </div>
            </div>
          </div>
          <div
            class="leaflet-control-attribution leaflet-control"
          >
            <a
              href="https://leafletjs.com"
              title="A JS library for interactive maps"
            >
              Leaflet
            </a>
          </div>
        </div>
      </div>
    </div>
  </div>
</div>
`;
