// Jest Snapshot v1, https://goo.gl/fbAQLP

exports[`<DeleteConfirmationModal /> should match snapshot 1`] = `
<div
  aria-labelledby="customized-dialog-title"
  class="MuiPaper-root MuiDialog-paper makeStyles-paper-1 MuiDialog-paperScrollPaper MuiDialog-paperWidthSm MuiPaper-elevation24 MuiPaper-rounded"
  role="dialog"
>
  <div
    class="MuiDialogTitle-root Component-root-2"
    id="customized-dialog-title"
  >
    <div
      class="MuiBox-root MuiBox-root-4 Component-titleContainer-3"
    >
      <h5
        class="MuiTypography-root MuiTypography-h5"
      >
        Modal
      </h5>
      <button
        aria-label="close"
        class="MuiButtonBase-root MuiIconButton-root"
        data-testid="button-icon-close"
        tabindex="0"
        type="button"
      >
        <span
          class="MuiIconButton-label"
        >
          <svg
            aria-hidden="true"
            class="MuiSvgIcon-root"
            focusable="false"
            viewBox="0 0 24 24"
          >
            <path
              d="M19 6.41L17.59 5 12 10.59 6.41 5 5 6.41 10.59 12 5 17.59 6.41 19 12 13.41 17.59 19 19 17.59 13.41 12z"
            />
          </svg>
        </span>
        <span
          class="MuiTouchRipple-root"
        />
      </button>
    </div>
  </div>
  <div
    class="MuiDialogContent-root WithStyles(ForwardRef(DialogContent))-root-5"
  >
    <div
      class="MuiBox-root MuiBox-root-6"
    >
      Hello this is modal
    </div>
  </div>
  <div
    class="MuiDialogActions-root WithStyles(ForwardRef(DialogActions))-root-7 MuiDialogActions-spacing"
  >
    <button
      class="MuiButtonBase-root MuiButton-root MuiButton-contained makeStyles-contained-9 Mui-focusVisible Mui-focusVisible"
      data-testid="test"
      tabindex="0"
      type="button"
    >
      <span
        class="MuiButton-label"
      >
        Delete
      </span>
      <span
        class="MuiTouchRipple-root"
      >
        <span
          class="MuiTouchRipple-ripple MuiTouchRipple-rippleVisible MuiTouchRipple-ripplePulsate"
          style="width: 1px; height: 1px; top: -0.5px; left: -0.5px;"
        >
          <span
            class="MuiTouchRipple-child MuiTouchRipple-childPulsate"
          />
        </span>
      </span>
    </button>
  </div>
</div>
`;
