// Jest Snapshot v1, https://goo.gl/fbAQLP

exports[`<FileInput /> should match snapshot 1`] = `
<div>
  <input
    accept=".csv"
    data-testid="input-upload-file"
    type="file"
  />
  <div
    class="MuiBox-root MuiBox-root-1"
  />
</div>
`;
