// Jest Snapshot v1, https://goo.gl/fbAQLP

exports[`InputTextField should render input text field with for given information 1`] = `
<div>
  <div
    class="MuiGrid-root MuiGrid-container MuiGrid-grid-xl-12"
  >
    <div
      class="MuiGrid-root MuiGrid-item MuiGrid-grid-xs-3"
    >
      <div
        class="MuiBox-root MuiBox-root-6 makeStyles-labelContainer-4"
      >
        <label
          class="makeStyles-label-5"
          for="input-id"
        >
          input-label
        </label>
      </div>
    </div>
    <div
      class="MuiGrid-root MuiGrid-item MuiGrid-grid-xs-1"
    />
    <div
      class="MuiGrid-root MuiGrid-item MuiGrid-grid-xs-7"
    >
      <div
        class="MuiFormControl-root MuiTextField-root MuiFormControl-fullWidth"
      >
        <div
          class="MuiInputBase-root MuiFilledInput-root MuiFilledInput-underline MuiInputBase-fullWidth MuiInputBase-formControl"
        >
          <input
            aria-describedby="input-id-helper-text"
            aria-invalid="false"
            class="MuiInputBase-input MuiFilledInput-input makeStyles-inputField-2"
            id="input-id"
            type="text"
            value="input-value"
          />
        </div>
        <p
          class="MuiFormHelperText-root makeStyles-helperText-1 MuiFormHelperText-contained MuiFormHelperText-filled"
          id="input-id-helper-text"
        >
          helper-text
        </p>
      </div>
    </div>
  </div>
</div>
`;
