// Jest Snapshot v1, https://goo.gl/fbAQLP

exports[`<ProjectHeader /> should match snapshot 1`] = `
<div>
  <div
    class="MuiBox-root MuiBox-root-3 makeStyles-projectNameBar-1"
  >
    <h5
      class="MuiTypography-root MuiTypography-h5"
    >
      Title
    </h5>
    <button
      class="MuiButtonBase-root MuiButton-root makeStyles-buttonRoot-2 MuiButton-text MuiButton-textSizeSmall MuiButton-sizeSmall"
      tabindex="0"
      type="button"
    >
      <span
        class="MuiButton-label"
      >
        Back to recent projects
      </span>
      <span
        class="MuiTouchRipple-root"
      />
    </button>
  </div>
</div>
`;
